../Core/Src/main.c:77:5:main	16	static
../Core/Src/main.c:150:6:SystemClock_Config	120	static
../Core/Src/main.c:201:6:MX_I2C1_Init	8	static
../Core/Src/main.c:249:6:MX_TIM1_Init	96	static
../Core/Src/main.c:318:6:MX_TIM4_Init	56	static
../Core/Src/main.c:367:6:MX_TIM6_Init	24	static
../Core/Src/main.c:405:6:MX_USART2_UART_Init	8	static
../Core/Src/main.c:453:6:MX_USART3_UART_Init	8	static
../Core/Src/main.c:501:13:MX_GPIO_Init	48	static
../Core/Src/main.c:565:6:Error_Handler	4	static,ignoring_inline_asm
