../Core/Src/main.c:129:5:main	560	static
../Core/Src/main.c:392:13:MX_I2C1_Init	8	static
../Core/Src/main.c:440:13:MX_TIM1_Init	96	static
../Core/Src/main.c:510:13:MX_TIM4_Init	56	static
../Core/Src/main.c:559:13:MX_TIM6_Init	24	static
../Core/Src/main.c:597:13:MX_USART2_UART_Init	8	static
../Core/Src/main.c:645:13:MX_USART3_UART_Init	8	static
../Core/Src/main.c:693:13:MX_GPIO_Init	48	static
../Core/Src/main.c:724:5:__io_putchar	16	static
../Core/Src/main.c:729:6:HAL_TIM_PeriodElapsedCallback	16	static
../Core/Src/main.c:735:6:HAL_GPIO_EXTI_Callback	16	static
../Core/Src/main.c:743:6:readImu	88	static
../Core/Src/main.c:750:6:Print_Distances	168	static
../Core/Src/main.c:765:6:print_state	32	static
../Core/Src/main.c:778:6:Error_Handler	4	static,ignoring_inline_asm
